
> sap-btp-it-asset-lifecycle@1.0.0 watch
> cds watch

[33m
[1mcds serve all --with-mocks --in-memory? [0m
[33m( live reload enabled for browsers ) [0m
[33m
[1m        ___________________________
 [0m
[cds] - loaded model from 3 file(s):
 
  srv\asset-management-service.cds
  db\schema.cds
  node_modules\@sap\cds\common.cds

[cds] - using bindings from: { registry: '~/.cds-services.json' }
[cds] - connect to db > sqlite { url: 'db.sqlite' }
[cds] - using auth strategy {
  kind: 'mocked',
  impl: 'node_modules\\@sap\\cds\\lib\\srv\\middlewares\\auth\\basic-auth.js'
}
[cds] - serving AssetManagementService {
  at: [ '/odata/v4/asset-management' ],
  decl: 'srv\\asset-management-service.cds:5',
  impl: 'srv\\asset-management-service.js'
}
[cds] - server listening on { url: 'http://localhost:4004' }
[cds] - server v10.1.1 launched in 746 ms
[odata] - GET /odata/v4/asset-management/ 
[odata] - GET /odata/v4/asset-management/sessionInfo() 
[odata] - GET /odata/v4/asset-management/sessionInfo() 
[odata] - GET /odata/v4/asset-management/Employees { '$top': '500', '$skip': '0', '$orderby': 'displayName asc' }
[odata] - 400 - peg$SyntaxError: Parsing URL failed at position 74: Expected "&", "(", ",", "/", a whitespace, or end of input but "+" found.
    at rs (C:\Code\SAP\SAP-BTP\node_modules\@sap\cds\libx\odata\parse\parser.js:1:16207)
    at Vo (C:\Code\SAP\SAP-BTP\node_modules\@sap\cds\libx\odata\parse\parser.js:1:77759)
    at peg$parse (C:\Code\SAP\SAP-BTP\node_modules\@sap\cds\libx\odata\parse\parser.js:1:78062)
    at Object.parse (C:\Code\SAP\SAP-BTP\node_modules\@sap\cds\libx\odata\index.js:105:13)
    at parse_odata_url (C:\Code\SAP\SAP-BTP\node_modules\@sap\cds\libx\odata\middleware\parse.js:19:28)
    at Layer.handleRequest (C:\Code\SAP\SAP-BTP\node_modules\router\lib\layer.js:152:17)
    at trimPrefix (C:\Code\SAP\SAP-BTP\node_modules\router\index.js:342:13)
    at C:\Code\SAP\SAP-BTP\node_modules\router\index.js:297:9
    at processParams (C:\Code\SAP\SAP-BTP\node_modules\router\index.js:582:12)
    at next (C:\Code\SAP\SAP-BTP\node_modules\router\index.js:291:5) {
  expected: [
    { type: 'literal', text: '/', ignoreCase: false },
    { type: 'literal', text: '(', ignoreCase: false },
    { type: 'other', description: 'a whitespace' },
    { type: 'literal', text: ',', ignoreCase: false },
    { type: 'literal', text: '&', ignoreCase: false },
    { type: 'end' }
  ],
  found: '+',
  location: {
    source: undefined,
    start: { offset: 48, line: 1, column: 49 },
    end: { offset: 49, line: 1, column: 50 }
  },
  status: 400,
  code: '400'
}
[odata] - GET /odata/v4/asset-management/Assets {
  '$top': '25',
  '$skip': '0',
  '$count': 'true',
  '$orderby': 'assetName asc'
}
[odata] - 400 - peg$SyntaxError: Parsing URL failed at position 80: Expected "&", "(", ",", "/", a whitespace, or end of input but "+" found.
    at rs (C:\Code\SAP\SAP-BTP\node_modules\@sap\cds\libx\odata\parse\parser.js:1:16207)
    at Vo (C:\Code\SAP\SAP-BTP\node_modules\@sap\cds\libx\odata\parse\parser.js:1:77759)
    at peg$parse (C:\Code\SAP\SAP-BTP\node_modules\@sap\cds\libx\odata\parse\parser.js:1:78062)
    at Object.parse (C:\Code\SAP\SAP-BTP\node_modules\@sap\cds\libx\odata\index.js:105:13)
    at parse_odata_url (C:\Code\SAP\SAP-BTP\node_modules\@sap\cds\libx\odata\middleware\parse.js:19:28)
    at Layer.handleRequest (C:\Code\SAP\SAP-BTP\node_modules\router\lib\layer.js:152:17)
    at trimPrefix (C:\Code\SAP\SAP-BTP\node_modules\router\index.js:342:13)
    at C:\Code\SAP\SAP-BTP\node_modules\router\index.js:297:9
    at processParams (C:\Code\SAP\SAP-BTP\node_modules\router\index.js:582:12)
    at next (C:\Code\SAP\SAP-BTP\node_modules\router\index.js:291:5) {
  expected: [
    { type: 'literal', text: '/', ignoreCase: false },
    { type: 'literal', text: '(', ignoreCase: false },
    { type: 'other', description: 'a whitespace' },
    { type: 'literal', text: ',', ignoreCase: false },
    { type: 'literal', text: '&', ignoreCase: false },
    { type: 'end' }
  ],
  found: '+',
  location: {
    source: undefined,
    start: { offset: 54, line: 1, column: 55 },
    end: { offset: 55, line: 1, column: 56 }
  },
  status: 400,
  code: '400'
}
[odata] - GET /odata/v4/asset-management/sessionInfo() 
[odata] - GET /odata/v4/asset-management/Employees { '$top': '500', '$skip': '0', '$orderby': 'displayName asc' }
[odata] - GET /odata/v4/asset-management/Assets {
  '$top': '25',
  '$skip': '0',
  '$count': 'true',
  '$orderby': 'assetName asc'
}
[odata] - GET /odata/v4/asset-management/AllocationHistories {
  '$filter': 'asset_assetID eq 1c4698c0-893b-4527-a4c4-69ddc64869c6',
  '$orderby': 'assignedDate desc',
  '$top': '100',
  '$skip': '0'
}
[odata] - GET /odata/v4/asset-management/complianceAlerts() 
[odata] - GET /odata/v4/asset-management/complianceAlerts() 
[odata] - GET /odata/v4/asset-management/Assets {
  '$top': '25',
  '$skip': '0',
  '$count': 'true',
  '$orderby': 'assetName asc'
}
[odata] - GET /odata/v4/asset-management/ 
[odata] - POST /odata/v4/asset-management/Assets 
[odata] - GET /odata/v4/asset-management/Assets {
  '$top': '25',
  '$skip': '0',
  '$count': 'true',
  '$orderby': 'assetName asc'
}
[odata] - GET /odata/v4/asset-management/complianceAlerts() 
[odata] - GET /odata/v4/asset-management/AllocationHistories {
  '$filter': 'asset_assetID eq 4cd4e10f-b1e4-474d-98d0-b28570896b55',
  '$orderby': 'assignedDate desc',
  '$top': '100',
  '$skip': '0'
}
[odata] - POST /odata/v4/asset-management/allocateAsset 
[odata] - GET /odata/v4/asset-management/Assets {
  '$top': '25',
  '$skip': '0',
  '$count': 'true',
  '$orderby': 'assetName asc'
}
[odata] - GET /odata/v4/asset-management/AllocationHistories {
  '$filter': 'asset_assetID eq 4cd4e10f-b1e4-474d-98d0-b28570896b55',
  '$orderby': 'assignedDate desc',
  '$top': '100',
  '$skip': '0'
}
[odata] - GET /odata/v4/asset-management/Assets(4cd4e10f-b1e4-474d-98d0-b28570896b55) 
[odata] - POST /odata/v4/asset-management/returnAsset 
[odata] - GET /odata/v4/asset-management/Assets {
  '$top': '25',
  '$skip': '0',
  '$count': 'true',
  '$orderby': 'assetName asc'
}
[odata] - GET /odata/v4/asset-management/AllocationHistories {
  '$filter': 'asset_assetID eq 4cd4e10f-b1e4-474d-98d0-b28570896b55',
  '$orderby': 'assignedDate desc',
  '$top': '100',
  '$skip': '0'
}
[odata] - GET /odata/v4/asset-management/Assets(4cd4e10f-b1e4-474d-98d0-b28570896b55) 
[odata] - GET /odata/v4/asset-management/complianceAlerts() 
[odata] - GET /odata/v4/asset-management/sessionInfo() 
[odata] - GET /odata/v4/asset-management/Employees { '$top': '500', '$skip': '0', '$orderby': 'displayName asc' }
[odata] - GET /odata/v4/asset-management/Assets {
  '$top': '25',
  '$skip': '0',
  '$count': 'true',
  '$orderby': 'assetName asc'
}
[odata] - GET /odata/v4/asset-management/AllocationHistories {
  '$filter': 'asset_assetID eq 4cd4e10f-b1e4-474d-98d0-b28570896b55',
  '$orderby': 'assignedDate desc',
  '$top': '100',
  '$skip': '0'
}
[odata] - GET /odata/v4/asset-management/sessionInfo() 
[odata] - GET /odata/v4/asset-management/MyAssets {
  '$top': '25',
  '$skip': '0',
  '$count': 'true',
  '$orderby': 'assetName asc'
}
[odata] - GET /odata/v4/asset-management/sessionInfo() 
[odata] - GET /odata/v4/asset-management/sessionInfo() 
[odata] - GET /odata/v4/asset-management/MyAssets {
  '$top': '25',
  '$skip': '0',
  '$count': 'true',
  '$orderby': 'assetName asc'
}
[odata] - GET /odata/v4/asset-management/sessionInfo() 
[odata] - GET /odata/v4/asset-management/complianceAlerts() 
[33m
[1m        ___________________________
 [0m
[cds] - loaded model from 3 file(s):
 
  srv\asset-management-service.cds
  db\schema.cds
  node_modules\@sap\cds\common.cds

[cds] - using bindings from: { registry: '~/.cds-services.json' }
[cds] - connect to db > sqlite { url: 'db.sqlite' }
[cds] - using auth strategy {
  kind: 'mocked',
  impl: 'node_modules\\@sap\\cds\\lib\\srv\\middlewares\\auth\\basic-auth.js'
}
[cds] - serving AssetManagementService {
  at: [ '/odata/v4/asset-management' ],
  decl: 'srv\\asset-management-service.cds:5',
  impl: 'srv\\asset-management-service.js'
}
[cds] - server listening on { url: 'http://localhost:4004' }
[cds] - server v10.1.1 launched in 569 ms
[33m
[1m        ___________________________
 [0m
[cds] - loaded model from 3 file(s):
 
  srv\asset-management-service.cds
  db\schema.cds
  node_modules\@sap\cds\common.cds

[33m
[1m        ___________________________
 [0m
[cds] - using bindings from: { registry: '~/.cds-services.json' }
[cds] - connect to db > sqlite { url: 'db.sqlite' }
[cds] - using auth strategy {
  kind: 'mocked',
  impl: 'node_modules\\@sap\\cds\\lib\\srv\\middlewares\\auth\\basic-auth.js'
}
[cds] - serving AssetManagementService {
  at: [ '/odata/v4/asset-management' ],
  decl: 'srv\\asset-management-service.cds:5',
  impl: 'srv\\asset-management-service.js'
}
[cds] - server listening on { url: 'http://localhost:4004' }
[cds] - server v10.1.1 launched in 441 ms
[cds] - loaded model from 3 file(s):
 
  srv\asset-management-service.cds
  db\schema.cds
  node_modules\@sap\cds\common.cds

[cds] - using bindings from: { registry: '~/.cds-services.json' }
[cds] - connect to db > sqlite { url: 'db.sqlite' }
[cds] - using auth strategy {
  kind: 'mocked',
  impl: 'node_modules\\@sap\\cds\\lib\\srv\\middlewares\\auth\\basic-auth.js'
}
[cds] - serving AssetManagementService {
  at: [ '/odata/v4/asset-management' ],
  decl: 'srv\\asset-management-service.cds:5',
  impl: 'srv\\asset-management-service.js'
}

  [EADDRINUSE] - port 4004 is already in use by another server process.
  > Press Return to restart with an arbitrary port.

[33m
[1m        ___________________________
 [0m
[cds] - loaded model from 3 file(s):
 
  srv\asset-management-service.cds
  db\schema.cds
  node_modules\@sap\cds\common.cds

[cds] - using bindings from: { registry: '~/.cds-services.json' }
[cds] - connect to db > sqlite { url: 'db.sqlite' }
[cds] - using auth strategy {
  kind: 'mocked',
  impl: 'node_modules\\@sap\\cds\\lib\\srv\\middlewares\\auth\\basic-auth.js'
}
[cds] - serving AssetManagementService {
  at: [ '/odata/v4/asset-management' ],
  decl: 'srv\\asset-management-service.cds:5',
  impl: 'srv\\asset-management-service.js'
}
[cds] - server listening on { url: 'http://localhost:59245' }
[cds] - server v10.1.1 launched in 437 ms
[odata] - GET /odata/v4/asset-management/sessionInfo() 
[odata] - GET /odata/v4/asset-management/complianceAlerts() 
[33m
[1m        ___________________________
 [0m
[cds] - loaded model from 3 file(s):
 
  srv\asset-management-service.cds
  db\schema.cds
  node_modules\@sap\cds\common.cds

[cds] - using bindings from: { registry: '~/.cds-services.json' }
[cds] - connect to db > sqlite { url: 'db.sqlite' }
[cds] - using auth strategy {
  kind: 'mocked',
  impl: 'node_modules\\@sap\\cds\\lib\\srv\\middlewares\\auth\\basic-auth.js'
}
[cds] - serving AssetManagementService {
  at: [ '/odata/v4/asset-management' ],
  decl: 'srv\\asset-management-service.cds:5',
  impl: 'srv\\asset-management-service.js'
}
[cds] - server listening on { url: 'http://localhost:59245' }
[cds] - server v10.1.1 launched in 423 ms
[33m
[1m        ___________________________
 [0m
[cds] - loaded model from 3 file(s):
 
  srv\asset-management-service.cds
  db\schema.cds
  node_modules\@sap\cds\common.cds

[cds] - using bindings from: { registry: '~/.cds-services.json' }
[cds] - connect to db > sqlite { url: 'db.sqlite' }
[cds] - using auth strategy {
  kind: 'mocked',
  impl: 'node_modules\\@sap\\cds\\lib\\srv\\middlewares\\auth\\basic-auth.js'
}
[cds] - serving AssetManagementService {
  at: [ '/odata/v4/asset-management' ],
  decl: 'srv\\asset-management-service.cds:5',
  impl: 'srv\\asset-management-service.js'
}
[cds] - server listening on { url: 'http://localhost:59245' }
[cds] - server v10.1.1 launched in 418 ms
[odata] - GET /odata/v4/asset-management/sessionInfo() 
[odata] - GET /odata/v4/asset-management/Employees { '$top': '500', '$skip': '0', '$orderby': 'displayName asc' }
[odata] - GET /odata/v4/asset-management/Assets {
  '$top': '25',
  '$skip': '0',
  '$count': 'true',
  '$orderby': 'assetName asc'
}
[odata] - GET /odata/v4/asset-management/ 
[odata] - POST /odata/v4/asset-management/Assets 
[odata] - GET /odata/v4/asset-management/Assets {
  '$top': '25',
  '$skip': '0',
  '$count': 'true',
  '$orderby': 'assetName asc'
}
[odata] - GET /odata/v4/asset-management/complianceAlerts() 
[odata] - GET /odata/v4/asset-management/AllocationHistories {
  '$filter': 'asset_assetID eq 26e59350-ba3c-456e-b19d-98c5e0a4b72d',
  '$orderby': 'assignedDate desc',
  '$top': '100',
  '$skip': '0'
}
[odata] - POST /odata/v4/asset-management/renewSoftwareLicense 
[odata] - GET /odata/v4/asset-management/Assets {
  '$top': '25',
  '$skip': '0',
  '$count': 'true',
  '$orderby': 'assetName asc'
}
[odata] - GET /odata/v4/asset-management/AllocationHistories {
  '$filter': 'asset_assetID eq 26e59350-ba3c-456e-b19d-98c5e0a4b72d',
  '$orderby': 'assignedDate desc',
  '$top': '100',
  '$skip': '0'
}
[odata] - GET /odata/v4/asset-management/Assets(26e59350-ba3c-456e-b19d-98c5e0a4b72d) 
[odata] - GET /odata/v4/asset-management/Assets {
  '$top': '25',
  '$skip': '0',
  '$count': 'true',
  '$orderby': 'assetName asc',
  '$filter': "(contains(tolower(assetName),'ui-demo-lifecycle-20260928') or contains(tolower(type),'ui-demo-lifecycle-20260928'))"
}
[odata] - GET /odata/v4/asset-management/AllocationHistories {
  '$filter': 'asset_assetID eq 4cd4e10f-b1e4-474d-98d0-b28570896b55',
  '$orderby': 'assignedDate desc',
  '$top': '100',
  '$skip': '0'
}
[33m
[1m        ___________________________
 [0m
[cds] - loaded model from 3 file(s):
 
  srv\asset-management-service.cds
  db\schema.cds
  node_modules\@sap\cds\common.cds

[cds] - using bindings from: { registry: '~/.cds-services.json' }
[cds] - connect to db > sqlite { url: 'db.sqlite' }
[cds] - using auth strategy {
  kind: 'mocked',
  impl: 'node_modules\\@sap\\cds\\lib\\srv\\middlewares\\auth\\basic-auth.js'
}
[cds] - serving AssetManagementService {
  at: [ '/odata/v4/asset-management' ],
  decl: 'srv\\asset-management-service.cds:5',
  impl: 'srv\\asset-management-service.js'
}
[cds] - server listening on { url: 'http://localhost:59245' }
[cds] - server v10.1.1 launched in 1114 ms
[33m
[1m        ___________________________
 [0m
[cds] - loaded model from 3 file(s):
 
  srv\asset-management-service.cds
  db\schema.cds
  node_modules\@sap\cds\common.cds

[cds] - using bindings from: { registry: '~/.cds-services.json' }
[cds] - connect to db > sqlite { url: 'db.sqlite' }
[cds] - using auth strategy {
  kind: 'mocked',
  impl: 'node_modules\\@sap\\cds\\lib\\srv\\middlewares\\auth\\basic-auth.js'
}
[cds] - serving AssetManagementService {
  at: [ '/odata/v4/asset-management' ],
  decl: 'srv\\asset-management-service.cds:5',
  impl: 'srv\\asset-management-service.js'
}
[cds] - server listening on { url: 'http://localhost:59245' }
[cds] - server v10.1.1 launched in 774 ms
[33m
[1m        ___________________________
 [0m
[cds] - loaded model from 3 file(s):
 
  srv\asset-management-service.cds
  db\schema.cds
  node_modules\@sap\cds\common.cds

[cds] - using bindings from: { registry: '~/.cds-services.json' }
[cds] - connect to db > sqlite { url: 'db.sqlite' }
[cds] - using auth strategy {
  kind: 'mocked',
  impl: 'node_modules\\@sap\\cds\\lib\\srv\\middlewares\\auth\\basic-auth.js'
}
[cds] - serving AssetManagementService {
  at: [ '/odata/v4/asset-management' ],
  decl: 'srv\\asset-management-service.cds:5',
  impl: 'srv\\asset-management-service.js'
}
[cds] - server listening on { url: 'http://localhost:59245' }
[cds] - server v10.1.1 launched in 733 ms
[33m
[1m        ___________________________
 [0m
[cds] - loaded model from 3 file(s):
 
  srv\asset-management-service.cds
  db\schema.cds
  node_modules\@sap\cds\common.cds

[cds] - using bindings from: { registry: '~/.cds-services.json' }
[cds] - connect to db > sqlite { url: 'db.sqlite' }
[cds] - using auth strategy {
  kind: 'mocked',
  impl: 'node_modules\\@sap\\cds\\lib\\srv\\middlewares\\auth\\basic-auth.js'
}
[cds] - serving AssetManagementService {
  at: [ '/odata/v4/asset-management' ],
  decl: 'srv\\asset-management-service.cds:5',
  impl: 'srv\\asset-management-service.js'
}
[cds] - server listening on { url: 'http://localhost:59245' }
[cds] - server v10.1.1 launched in 734 ms
